DEBUG: Dispatching live research task...

SUCCESS: Researcher Output Received:
{
  "project_overview": {
    "name": "llm_master_slave",
    "primary_language": "Python",
    "frameworks": [],
    "runtime_targets": [],
    "build_system": null
  },
  "structure_map": {
    "entry_points": [
      {
        "path": "main.py",
        "type": "script",
        "notes": "Main entry point of the project"
      }
    ],
    "core_modules": [
      {
        "path": "tools/",
        "responsibility": "File patcher, executor, queue",
        "dependencies": [
          "core/"
        ]
      },
      {
        "path": "mcp_server/",
        "responsibility": "MCP bridge for Ollama models",
        "dependencies": []
      }
    ]
  },
  "hard_constraints": {
    "language_version": null,
    "framework_versions": {},
    "external_interfaces": [
      {
        "type": "API",
        "description": "Spoke Dispatch (Bidirectional Prompting)",
        "location": "tools/ollama_bridge.py"
      },
      {
        "type": "CLI",
        "description": "Autonomous Execution",
        "location": "core/planner.py"
      }
    ],
    "cannot_change": []
  },
  "soft_constraints": {
    "coding_patterns": [],
    "style_conventions": [
      "code_styleguides/python.md"
    ],
    "existing_abstractions": [],
    "tech_debt_notes": []
  },
  "known_unknowns": {
    "missing_context": [
      {
        "description": "No explicit information about the project's dependencies or runtime requirements.",
        "blocking": false
      }
    ],
    "ambiguous_areas": [
      {
        "path": "GEMINI.md",
        "why_unclear": "The document does not specify which version of Python is being used."
      }
    ]
  },
  "planner_guardrails": {
    "do_not_assume": [
      "project's exact dependencies or runtime requirements"
    ],
    "requires_validation": [
      {
        "decision": "Determine the correct Python version",
        "needs": "Check 'requirements.txt' or other configuration files for specified Python version"
      }
    ]
  },
  "evidence_index": {
    "files_examined": [
      "Project Structure",
      "GEMINI.md",
      "main.py"
    ],
    "configs_examined": [],
    "commands_run": []
  }
}

LIVE TEST PASSED!
